ASxxxx Linker V03.00 + NoICE + sdld,  page 1.
Hexadecimal  [32-Bits]

Area                                    Addr        Size        Decimal Bytes (Attributes)
--------------------------------        ----        ----        ------- ----- ------------
.  .ABS.                            00000000    00000000 =           0. bytes (ABS,CON)

      Value  Global                              Global Defined In Module
      -----  --------------------------------   ------------------------
     00000000  .__.ABS.                           cpct_keyboard
     00000000  l__CABS                         
     00000000  l__DABS                         
     00000000  l__GSFINAL                      
     00000000  l__GSINIT                       
     00000000  l__HOME                         
     00000000  l__INITIALIZED                  
     00000000  l__INITIALIZER                  
     00000000  s__CABS                         
     00000000  s__DABS                         
     00000009  l__DATA                         
     00000482  l__CODE                         
     00004000  s__CODE                         
     00004482  s__DATA                         
     0000448B  s__GSFINAL                      
     0000448B  s__GSINIT                       
     0000448B  s__HOME                         
     0000448B  s__INITIALIZED                  
     0000448B  s__INITIALIZER                  

ASxxxx Linker V03.00 + NoICE + sdld,  page 2.
Hexadecimal  [32-Bits]

Area                                    Addr        Size        Decimal Bytes (Attributes)
--------------------------------        ----        ----        ------- ----- ------------
_CODE                               00004000    00000482 =        1154. bytes (REL,CON)

      Value  Global                              Global Defined In Module
      -----  --------------------------------   ------------------------
     00004000  _sp_vshot                          vshot
     00004006  _sp_enemy_saucer                   enemy_saurcer
     000040E6  _sp_player_ship                    player_ship
     00004156  _g_palette                         g_palette
     00004166  _drawSprite                        main
     00004197  _draw_sp_player                    main
     000041C1  _draw_sp_enemy_saucer              main
     000041EB  _draw_sp_vshot                     main
     00004215  _initSprites                       main
     00004251  _enemySaucerHitsBorder             main
     00004284  _moveSaucer                        main
     000042B4  _main                              main
     00004336  _cpct_setPalette                   cpct_video
     0000434D  _cpct_isKeyPressed                 cpct_keyboard
     0000434D  cpct_isKeyPressed_asm              cpct_keyboard
     00004359  _cpct_setPALColour                 cpct_video
     00004365  _cpct_drawSprite                   cpct_sprites
     0000440A  _cpct_keyboardStatusBuffer         cpct_keyboard
     00004414  _cpct_waitVSYNC                    cpct_video
     00004414  cpct_waitVSYNC_asm                 cpct_video
     0000441C  _cpct_setVideoMode                 cpct_video
     0000442A  _cpct_disableFirmware              cpct_firmware
     0000442A  _cpct_removeInterruptHandler       cpct_firmware
     0000442A  cpct_disableFirmware_asm           cpct_firmware
     0000442A  cpct_removeInterruptHandler_asm    cpct_firmware
     0000443A  _cpct_mode_rom_status              cpct_firmware
     0000443B  _cpct_getScreenPtr                 cpct_video
     00004451  _cpct_scanKeyboard                 cpct_keyboard
     00004451  cpct_scanKeyboard_asm              cpct_keyboard

ASxxxx Linker V03.00 + NoICE + sdld,  page 3.
Hexadecimal  [32-Bits]

Area                                    Addr        Size        Decimal Bytes (Attributes)
--------------------------------        ----        ----        ------- ----- ------------
_DATA                               00004482    00000009 =           9. bytes (REL,CON)

      Value  Global                              Global Defined In Module
      -----  --------------------------------   ------------------------
     00004482  _sp_player_ship_x                  main
     00004483  _sp_player_ship_y                  main
     00004484  _sp_player_ship_speed              main
     00004485  _sp_vshot_x                        main
     00004486  _sp_vshot_y                        main
     00004487  _sp_vshot_y_speed                  main
     00004488  _sp_enemy_saucer_x                 main
     00004489  _sp_enemy_saucer_y                 main
     0000448A  _sp_enemy_saucer_speed             main
ASxxxx Linker V03.00 + NoICE + sdld,  page 4.

Files Linked                              [ module(s) ]

obj/sprites/vshot.rel                     [ vshot ]
obj/sprites/enemy-saurcer.rel             [ enemy_saurcer ]
obj/sprites/player-ship.rel               [ player_ship ]
obj/sprites/g_palette.rel                 [ g_palette ]
obj/main.rel                              [ main ]


Libraries Linked                          [ object file ]

/home/olmo/Coding/cpctelera-development/cpctelera/cpctelera.lib
                                          [ cpct_setPalette_cbindings.rel ]
/home/olmo/Coding/cpctelera-development/cpctelera/cpctelera.lib
                                          [ cpct_isKeyPressed.rel ]
/home/olmo/Coding/cpctelera-development/cpctelera/cpctelera.lib
                                          [ cpct_setPALColour_cbindings.rel ]
/home/olmo/Coding/cpctelera-development/cpctelera/cpctelera.lib
                                          [ cpct_drawSprite_cbindings.rel ]
/home/olmo/Coding/cpctelera-development/cpctelera/cpctelera.lib
                                          [ keyboard.rel ]
/home/olmo/Coding/cpctelera-development/cpctelera/cpctelera.lib
                                          [ cpct_waitVSYNC.rel ]
/home/olmo/Coding/cpctelera-development/cpctelera/cpctelera.lib
                                          [ cpct_setVideoMode_cbindings.rel ]
/home/olmo/Coding/cpctelera-development/cpctelera/cpctelera.lib
                                          [ cpct_removeInterruptHandler.rel ]
/home/olmo/Coding/cpctelera-development/cpctelera/cpctelera.lib
                                          [ cpc_mode_rom_status.rel ]
/home/olmo/Coding/cpctelera-development/cpctelera/cpctelera.lib
                                          [ cpct_getScreenPtr_cbindings.rel ]
/home/olmo/Coding/cpctelera-development/cpctelera/cpctelera.lib
                                          [ cpct_scanKeyboard.rel ]

ASxxxx Linker V03.00 + NoICE + sdld,  page 5.

User Base Address Definitions

_CODE = 0x4000
_DATA = 0x0000

